---
source: crates/cli/tests/shaders_compile.rs
expression: text
---
# Generated; directories are tool-owned.
import BasicTriangle
import Particles

ShaderAtlas := {}.{
	shader_names : List(Str)
	shader_names = ["basic_triangle", "particles"]

	basic_triangle = {
		reflection: BasicTriangle.reflection,
		stages: BasicTriangle.stages,
	}

	particles = {
		reflection: Particles.reflection,
		stages: Particles.stages,
	}
}
