---
source: crates/cli/tests/shaders_compile.rs
expression: text
---
import BasicTriangle
import Particles

## Generated; directories are tool-owned.
ShaderAtlas := {}.{
	basic_triangle = {
		reflection: BasicTriangle.reflection,
		stages: BasicTriangle.stages,
	}

	particles = {
		reflection: Particles.reflection,
		stages: Particles.stages,
	}
}
