---
source: src/shaders/build_tasks.rs
info:
  relative_path: shaders/compiled/sdf_2d.json
---
{
  "sourceFileName": "sdf_2d.shader.slang",
  "globalParameters": [
    {
      "kind": "parameterBlock",
      "parameterName": "sdfUniform",
      "elementType": {
        "typeName": "SDF2DUniform",
        "fields": [
          {
            "kind": "scalar",
            "fieldName": "time",
            "binding": {
              "kind": "uniform",
              "offset": 0,
              "size": 4
            },
            "scalarType": "float32"
          },
          {
            "kind": "resource",
            "fieldName": "circles",
            "binding": {
              "kind": "descriptorTableSlot",
              "index": 1,
              "count": 1
            },
            "resourceShape": "structuredBuffer",
            "resultType": {
              "kind": "struct",
              "typeName": "Circle",
              "fields": [
                {
                  "kind": "vector",
                  "fieldName": "color",
                  "binding": {
                    "kind": "uniform",
                    "offset": 0,
                    "size": 12
                  },
                  "elementCount": 3,
                  "elementType": {
                    "kind": "scalar",
                    "scalarType": "float32"
                  }
                },
                {
                  "kind": "scalar",
                  "fieldName": "radius",
                  "binding": {
                    "kind": "uniform",
                    "offset": 12,
                    "size": 4
                  },
                  "scalarType": "float32"
                },
                {
                  "kind": "vector",
                  "fieldName": "position",
                  "binding": {
                    "kind": "uniform",
                    "offset": 16,
                    "size": 8
                  },
                  "elementCount": 2,
                  "elementType": {
                    "kind": "scalar",
                    "scalarType": "float32"
                  }
                }
              ]
            }
          }
        ]
      }
    }
  ],
  "vertexEntryPoint": {
    "entryPointName": "vertMain",
    "stage": "vertex",
    "parameters": [
      {
        "kind": "scalar",
        "parameterName": "vertexIndex",
        "semanticName": "SV_VERTEXID",
        "scalarType": "uint32"
      }
    ]
  },
  "fragmentEntryPoint": {
    "entryPointName": "fragMain",
    "stage": "fragment",
    "parameters": []
  },
  "pipelineLayout": {
    "descriptorSetLayouts": [
      {
        "bindingRanges": [
          {
            "binding": 0,
            "descriptorType": "constantBuffer",
            "descriptorCount": 1,
            "stageFlags": "all",
            "size": 16
          },
          {
            "binding": 1,
            "descriptorType": "storageBuffer",
            "descriptorCount": 1,
            "stageFlags": "all",
            "size": 0
          }
        ]
      }
    ],
    "pushConstantRanges": []
  }
}
