---
source: src/shaders/build_tasks.rs
info:
  relative_path: src/generated/shader_atlas.rs
---
pub mod dragon;
pub mod space_invaders;
pub mod koch_curve;
pub mod serenity_crt;
pub mod sdf_2d;
pub mod basic_triangle;
pub mod gpu_picking;
pub mod ray_marching;
pub mod depth_texture;
pub mod sprite_batch;
pub mod gpu_picking_id;


pub struct ShaderAtlas {
    pub dragon: dragon::Shader,
    pub space_invaders: space_invaders::Shader,
    pub koch_curve: koch_curve::Shader,
    pub serenity_crt: serenity_crt::Shader,
    pub sdf_2d: sdf_2d::Shader,
    pub basic_triangle: basic_triangle::Shader,
    pub gpu_picking: gpu_picking::Shader,
    pub ray_marching: ray_marching::Shader,
    pub depth_texture: depth_texture::Shader,
    pub sprite_batch: sprite_batch::Shader,
    pub gpu_picking_id: gpu_picking_id::Shader,
}

impl ShaderAtlas {
    pub fn init() -> Self {
        Self {
            dragon: dragon::Shader::init(),
            space_invaders: space_invaders::Shader::init(),
            koch_curve: koch_curve::Shader::init(),
            serenity_crt: serenity_crt::Shader::init(),
            sdf_2d: sdf_2d::Shader::init(),
            basic_triangle: basic_triangle::Shader::init(),
            gpu_picking: gpu_picking::Shader::init(),
            ray_marching: ray_marching::Shader::init(),
            depth_texture: depth_texture::Shader::init(),
            sprite_batch: sprite_batch::Shader::init(),
            gpu_picking_id: gpu_picking_id::Shader::init(),
        }
    }
}
