---
source: src/shaders/build_tasks.rs
info:
  relative_path: shaders/compiled/paint_display.json
---
{
  "sourceFileName": "paint_display.shader.slang",
  "globalParameters": [
    {
      "kind": "parameterBlock",
      "parameterName": "displayParams",
      "elementType": {
        "typeName": "DisplayParams",
        "fields": [
          {
            "kind": "resource",
            "fieldName": "deposit_0_3",
            "binding": {
              "kind": "descriptorTableSlot",
              "index": 1,
              "count": 1
            },
            "resourceShape": "texture2D",
            "resultType": {
              "kind": "vector",
              "elementCount": 4,
              "elementType": {
                "kind": "scalar",
                "scalarType": "float32"
              }
            }
          },
          {
            "kind": "resource",
            "fieldName": "deposit_4_7",
            "binding": {
              "kind": "descriptorTableSlot",
              "index": 2,
              "count": 1
            },
            "resourceShape": "texture2D",
            "resultType": {
              "kind": "vector",
              "elementCount": 4,
              "elementType": {
                "kind": "scalar",
                "scalarType": "float32"
              }
            }
          },
          {
            "kind": "resource",
            "fieldName": "deposit_8_11",
            "binding": {
              "kind": "descriptorTableSlot",
              "index": 3,
              "count": 1
            },
            "resourceShape": "texture2D",
            "resultType": {
              "kind": "vector",
              "elementCount": 4,
              "elementType": {
                "kind": "scalar",
                "scalarType": "float32"
              }
            }
          },
          {
            "kind": "resource",
            "fieldName": "paperHeight",
            "binding": {
              "kind": "descriptorTableSlot",
              "index": 4,
              "count": 1
            },
            "resourceShape": "texture2D",
            "resultType": {
              "kind": "vector",
              "elementCount": 4,
              "elementType": {
                "kind": "scalar",
                "scalarType": "float32"
              }
            }
          },
          {
            "kind": "resource",
            "fieldName": "wetMask",
            "binding": {
              "kind": "descriptorTableSlot",
              "index": 5,
              "count": 1
            },
            "resourceShape": "texture2D",
            "resultType": {
              "kind": "vector",
              "elementCount": 4,
              "elementType": {
                "kind": "scalar",
                "scalarType": "float32"
              }
            }
          },
          {
            "kind": "vector",
            "fieldName": "texelSize",
            "binding": {
              "kind": "uniform",
              "offset": 0,
              "size": 8
            },
            "elementCount": 2,
            "elementType": {
              "kind": "scalar",
              "scalarType": "float32"
            }
          },
          {
            "kind": "scalar",
            "fieldName": "debugView",
            "binding": {
              "kind": "uniform",
              "offset": 8,
              "size": 4
            },
            "scalarType": "uint32"
          },
          {
            "kind": "scalar",
            "fieldName": "canvasAspect",
            "binding": {
              "kind": "uniform",
              "offset": 12,
              "size": 4
            },
            "scalarType": "float32"
          },
          {
            "kind": "scalar",
            "fieldName": "windowAspect",
            "binding": {
              "kind": "uniform",
              "offset": 16,
              "size": 4
            },
            "scalarType": "float32"
          },
          {
            "kind": "struct",
            "fieldName": "pigment0",
            "binding": {
              "kind": "uniform",
              "offset": 32,
              "size": 32
            },
            "structType": {
              "typeName": "PigmentKM",
              "fields": [
                {
                  "kind": "vector",
                  "fieldName": "absorption",
                  "binding": {
                    "kind": "uniform",
                    "offset": 0,
                    "size": 12
                  },
                  "elementCount": 3,
                  "elementType": {
                    "kind": "scalar",
                    "scalarType": "float32"
                  }
                },
                {
                  "kind": "vector",
                  "fieldName": "scattering",
                  "binding": {
                    "kind": "uniform",
                    "offset": 16,
                    "size": 12
                  },
                  "elementCount": 3,
                  "elementType": {
                    "kind": "scalar",
                    "scalarType": "float32"
                  }
                }
              ]
            }
          },
          {
            "kind": "struct",
            "fieldName": "pigment1",
            "binding": {
              "kind": "uniform",
              "offset": 64,
              "size": 32
            },
            "structType": {
              "typeName": "PigmentKM",
              "fields": [
                {
                  "kind": "vector",
                  "fieldName": "absorption",
                  "binding": {
                    "kind": "uniform",
                    "offset": 0,
                    "size": 12
                  },
                  "elementCount": 3,
                  "elementType": {
                    "kind": "scalar",
                    "scalarType": "float32"
                  }
                },
                {
                  "kind": "vector",
                  "fieldName": "scattering",
                  "binding": {
                    "kind": "uniform",
                    "offset": 16,
                    "size": 12
                  },
                  "elementCount": 3,
                  "elementType": {
                    "kind": "scalar",
                    "scalarType": "float32"
                  }
                }
              ]
            }
          },
          {
            "kind": "struct",
            "fieldName": "pigment2",
            "binding": {
              "kind": "uniform",
              "offset": 96,
              "size": 32
            },
            "structType": {
              "typeName": "PigmentKM",
              "fields": [
                {
                  "kind": "vector",
                  "fieldName": "absorption",
                  "binding": {
                    "kind": "uniform",
                    "offset": 0,
                    "size": 12
                  },
                  "elementCount": 3,
                  "elementType": {
                    "kind": "scalar",
                    "scalarType": "float32"
                  }
                },
                {
                  "kind": "vector",
                  "fieldName": "scattering",
                  "binding": {
                    "kind": "uniform",
                    "offset": 16,
                    "size": 12
                  },
                  "elementCount": 3,
                  "elementType": {
                    "kind": "scalar",
                    "scalarType": "float32"
                  }
                }
              ]
            }
          },
          {
            "kind": "struct",
            "fieldName": "pigment3",
            "binding": {
              "kind": "uniform",
              "offset": 128,
              "size": 32
            },
            "structType": {
              "typeName": "PigmentKM",
              "fields": [
                {
                  "kind": "vector",
                  "fieldName": "absorption",
                  "binding": {
                    "kind": "uniform",
                    "offset": 0,
                    "size": 12
                  },
                  "elementCount": 3,
                  "elementType": {
                    "kind": "scalar",
                    "scalarType": "float32"
                  }
                },
                {
                  "kind": "vector",
                  "fieldName": "scattering",
                  "binding": {
                    "kind": "uniform",
                    "offset": 16,
                    "size": 12
                  },
                  "elementCount": 3,
                  "elementType": {
                    "kind": "scalar",
                    "scalarType": "float32"
                  }
                }
              ]
            }
          },
          {
            "kind": "struct",
            "fieldName": "pigment4",
            "binding": {
              "kind": "uniform",
              "offset": 160,
              "size": 32
            },
            "structType": {
              "typeName": "PigmentKM",
              "fields": [
                {
                  "kind": "vector",
                  "fieldName": "absorption",
                  "binding": {
                    "kind": "uniform",
                    "offset": 0,
                    "size": 12
                  },
                  "elementCount": 3,
                  "elementType": {
                    "kind": "scalar",
                    "scalarType": "float32"
                  }
                },
                {
                  "kind": "vector",
                  "fieldName": "scattering",
                  "binding": {
                    "kind": "uniform",
                    "offset": 16,
                    "size": 12
                  },
                  "elementCount": 3,
                  "elementType": {
                    "kind": "scalar",
                    "scalarType": "float32"
                  }
                }
              ]
            }
          },
          {
            "kind": "struct",
            "fieldName": "pigment5",
            "binding": {
              "kind": "uniform",
              "offset": 192,
              "size": 32
            },
            "structType": {
              "typeName": "PigmentKM",
              "fields": [
                {
                  "kind": "vector",
                  "fieldName": "absorption",
                  "binding": {
                    "kind": "uniform",
                    "offset": 0,
                    "size": 12
                  },
                  "elementCount": 3,
                  "elementType": {
                    "kind": "scalar",
                    "scalarType": "float32"
                  }
                },
                {
                  "kind": "vector",
                  "fieldName": "scattering",
                  "binding": {
                    "kind": "uniform",
                    "offset": 16,
                    "size": 12
                  },
                  "elementCount": 3,
                  "elementType": {
                    "kind": "scalar",
                    "scalarType": "float32"
                  }
                }
              ]
            }
          },
          {
            "kind": "struct",
            "fieldName": "pigment6",
            "binding": {
              "kind": "uniform",
              "offset": 224,
              "size": 32
            },
            "structType": {
              "typeName": "PigmentKM",
              "fields": [
                {
                  "kind": "vector",
                  "fieldName": "absorption",
                  "binding": {
                    "kind": "uniform",
                    "offset": 0,
                    "size": 12
                  },
                  "elementCount": 3,
                  "elementType": {
                    "kind": "scalar",
                    "scalarType": "float32"
                  }
                },
                {
                  "kind": "vector",
                  "fieldName": "scattering",
                  "binding": {
                    "kind": "uniform",
                    "offset": 16,
                    "size": 12
                  },
                  "elementCount": 3,
                  "elementType": {
                    "kind": "scalar",
                    "scalarType": "float32"
                  }
                }
              ]
            }
          },
          {
            "kind": "struct",
            "fieldName": "pigment7",
            "binding": {
              "kind": "uniform",
              "offset": 256,
              "size": 32
            },
            "structType": {
              "typeName": "PigmentKM",
              "fields": [
                {
                  "kind": "vector",
                  "fieldName": "absorption",
                  "binding": {
                    "kind": "uniform",
                    "offset": 0,
                    "size": 12
                  },
                  "elementCount": 3,
                  "elementType": {
                    "kind": "scalar",
                    "scalarType": "float32"
                  }
                },
                {
                  "kind": "vector",
                  "fieldName": "scattering",
                  "binding": {
                    "kind": "uniform",
                    "offset": 16,
                    "size": 12
                  },
                  "elementCount": 3,
                  "elementType": {
                    "kind": "scalar",
                    "scalarType": "float32"
                  }
                }
              ]
            }
          },
          {
            "kind": "struct",
            "fieldName": "pigment8",
            "binding": {
              "kind": "uniform",
              "offset": 288,
              "size": 32
            },
            "structType": {
              "typeName": "PigmentKM",
              "fields": [
                {
                  "kind": "vector",
                  "fieldName": "absorption",
                  "binding": {
                    "kind": "uniform",
                    "offset": 0,
                    "size": 12
                  },
                  "elementCount": 3,
                  "elementType": {
                    "kind": "scalar",
                    "scalarType": "float32"
                  }
                },
                {
                  "kind": "vector",
                  "fieldName": "scattering",
                  "binding": {
                    "kind": "uniform",
                    "offset": 16,
                    "size": 12
                  },
                  "elementCount": 3,
                  "elementType": {
                    "kind": "scalar",
                    "scalarType": "float32"
                  }
                }
              ]
            }
          },
          {
            "kind": "struct",
            "fieldName": "pigment9",
            "binding": {
              "kind": "uniform",
              "offset": 320,
              "size": 32
            },
            "structType": {
              "typeName": "PigmentKM",
              "fields": [
                {
                  "kind": "vector",
                  "fieldName": "absorption",
                  "binding": {
                    "kind": "uniform",
                    "offset": 0,
                    "size": 12
                  },
                  "elementCount": 3,
                  "elementType": {
                    "kind": "scalar",
                    "scalarType": "float32"
                  }
                },
                {
                  "kind": "vector",
                  "fieldName": "scattering",
                  "binding": {
                    "kind": "uniform",
                    "offset": 16,
                    "size": 12
                  },
                  "elementCount": 3,
                  "elementType": {
                    "kind": "scalar",
                    "scalarType": "float32"
                  }
                }
              ]
            }
          },
          {
            "kind": "struct",
            "fieldName": "pigment10",
            "binding": {
              "kind": "uniform",
              "offset": 352,
              "size": 32
            },
            "structType": {
              "typeName": "PigmentKM",
              "fields": [
                {
                  "kind": "vector",
                  "fieldName": "absorption",
                  "binding": {
                    "kind": "uniform",
                    "offset": 0,
                    "size": 12
                  },
                  "elementCount": 3,
                  "elementType": {
                    "kind": "scalar",
                    "scalarType": "float32"
                  }
                },
                {
                  "kind": "vector",
                  "fieldName": "scattering",
                  "binding": {
                    "kind": "uniform",
                    "offset": 16,
                    "size": 12
                  },
                  "elementCount": 3,
                  "elementType": {
                    "kind": "scalar",
                    "scalarType": "float32"
                  }
                }
              ]
            }
          },
          {
            "kind": "struct",
            "fieldName": "pigment11",
            "binding": {
              "kind": "uniform",
              "offset": 384,
              "size": 32
            },
            "structType": {
              "typeName": "PigmentKM",
              "fields": [
                {
                  "kind": "vector",
                  "fieldName": "absorption",
                  "binding": {
                    "kind": "uniform",
                    "offset": 0,
                    "size": 12
                  },
                  "elementCount": 3,
                  "elementType": {
                    "kind": "scalar",
                    "scalarType": "float32"
                  }
                },
                {
                  "kind": "vector",
                  "fieldName": "scattering",
                  "binding": {
                    "kind": "uniform",
                    "offset": 16,
                    "size": 12
                  },
                  "elementCount": 3,
                  "elementType": {
                    "kind": "scalar",
                    "scalarType": "float32"
                  }
                }
              ]
            }
          }
        ]
      }
    }
  ],
  "vertexEntryPoint": {
    "entryPointName": "vertMain",
    "stage": "vertex",
    "parameters": [
      {
        "kind": "scalar",
        "parameterName": "id",
        "semanticName": "SV_VERTEXID",
        "scalarType": "uint32"
      }
    ]
  },
  "fragmentEntryPoint": {
    "entryPointName": "fragMain",
    "stage": "fragment",
    "parameters": [
      {
        "kind": "struct",
        "parameterName": "input",
        "binding": {
          "kind": "varyingInput",
          "index": 0,
          "count": 1
        },
        "typeName": "FragInput",
        "fields": [
          {
            "kind": "vector",
            "fieldName": "position",
            "semanticName": "SV_POSITION",
            "elementCount": 4,
            "elementType": {
              "kind": "scalar",
              "scalarType": "float32"
            }
          },
          {
            "kind": "vector",
            "fieldName": "texCoord",
            "binding": {
              "kind": "varyingInput",
              "index": 0,
              "count": 1
            },
            "elementCount": 2,
            "elementType": {
              "kind": "scalar",
              "scalarType": "float32"
            }
          }
        ]
      }
    ]
  },
  "pipelineLayout": {
    "descriptorSetLayouts": [
      {
        "bindingRanges": [
          {
            "binding": 0,
            "descriptorType": "constantBuffer",
            "descriptorCount": 1,
            "stageFlags": "all",
            "size": 416
          },
          {
            "binding": 1,
            "descriptorType": "combinedTextureSampler",
            "descriptorCount": 1,
            "stageFlags": "all",
            "size": 416
          },
          {
            "binding": 2,
            "descriptorType": "combinedTextureSampler",
            "descriptorCount": 1,
            "stageFlags": "all",
            "size": 416
          },
          {
            "binding": 3,
            "descriptorType": "combinedTextureSampler",
            "descriptorCount": 1,
            "stageFlags": "all",
            "size": 416
          },
          {
            "binding": 4,
            "descriptorType": "combinedTextureSampler",
            "descriptorCount": 1,
            "stageFlags": "all",
            "size": 416
          },
          {
            "binding": 5,
            "descriptorType": "combinedTextureSampler",
            "descriptorCount": 1,
            "stageFlags": "all",
            "size": 416
          }
        ]
      }
    ],
    "pushConstantRanges": []
  }
}
