---
source: src/shaders/build_tasks.rs
expression: summary
---
basic_triangle.frag.spv: 0
basic_triangle.vert.spv: 0
depth_texture.frag.spv: 0
depth_texture.vert.spv: 1
dragon.frag.spv: 5
dragon.vert.spv: 0
gpu_picking.frag.spv: 9
gpu_picking.vert.spv: 0
gpu_picking_id.frag.spv: 8
gpu_picking_id.vert.spv: 0
koch_curve.frag.spv: 7
koch_curve.vert.spv: 0
multi_mesh.frag.spv: 0
multi_mesh.vert.spv: 0
paint_brush.comp.spv: 6
paint_display.frag.spv: 8
paint_display.vert.spv: 0
particle_render.frag.spv: 0
particle_render.vert.spv: 0
particles.comp.spv: 4
ray_marching.frag.spv: 19
ray_marching.vert.spv: 0
sdf_2d.frag.spv: 4
sdf_2d.vert.spv: 0
serenity_crt.frag.spv: 9
serenity_crt.vert.spv: 0
space_invaders.frag.spv: 2
space_invaders.vert.spv: 0
sprite_batch.frag.spv: 0
sprite_batch.vert.spv: 0
suzanne.frag.spv: 2
suzanne.vert.spv: 0
wc_advect_and_transfer_pigment.comp.spv: 15
wc_blur_v_and_flow_outward.comp.spv: 4
wc_capillary_flow.comp.spv: 4
wc_divergence.comp.spv: 2
wc_gaussian_blur.comp.spv: 4
wc_move_pigment.comp.spv: 3
wc_pressure_jacobi.comp.spv: 2
wc_project_velocity.comp.spv: 2
wc_transfer_pigment.comp.spv: 5
wc_update_velocity.comp.spv: 2
