---
source: crates/cli/src/build_tasks.rs
info:
  relative_path: src/generated/shader_atlas.rs
---
pub mod basic_triangle;
pub mod gpu_picking;
pub mod gpu_picking_common;
pub mod mltrs;
pub mod particle;
pub mod particle_render;
pub mod particles_compute;
pub mod ray_march_camera;
pub mod sdf_2d;

use crate::shaders::atlas::ShaderAtlasRoot;

pub struct ShaderAtlas {
    pub basic_triangle: basic_triangle::Shader,
    pub gpu_picking: gpu_picking::Shader,
    pub particle_render: particle_render::Shader,
    pub sdf_2d: sdf_2d::Shader,
    pub particles_compute: particles_compute::Shader,
}

impl ShaderAtlasRoot for ShaderAtlas {
    const SHADERS_SOURCE_DIR: &'static str = concat!(env!("CARGO_MANIFEST_DIR"), "/shaders/source");

    fn init() -> Self {
        Self {
            basic_triangle: basic_triangle::Shader::init(),
            gpu_picking: gpu_picking::Shader::init(),
            particle_render: particle_render::Shader::init(),
            sdf_2d: sdf_2d::Shader::init(),
            particles_compute: particles_compute::Shader::init(),
        }
    }
}
