---
source: crates/cli/src/build_tasks.rs
info:
  relative_path: src/generated/shader_atlas.rs
---
pub mod handle_mixed;
pub mod handle_params;
pub mod handle_params_compute;
pub mod handle_pointee;
pub mod nested_pointer;
pub mod pointer_dual_context;
pub mod pointer_params_compute;
pub mod pointer_pointee_layout;
pub mod push_constants;
pub mod push_constants_compute;
pub mod shared_enum;
pub mod std140_arrays;
pub mod std140_enums;
pub mod std140_matrices;
pub mod std140_mixed_fields;
pub mod std140_nested_structs;
pub mod std140_scalars;
pub mod std140_shared_enum;
pub mod std140_vec3_padding;
pub mod std140_vectors;
pub mod std430_arrays;
pub mod std430_enums;
pub mod std430_matrices;
pub mod std430_mixed_fields;
pub mod std430_nested_structs;
pub mod std430_scalars;
pub mod std430_vec3_padding;
pub mod std430_vectors;
pub mod storage_handle_params_compute;

use crate::shaders::atlas::ShaderAtlasRoot;

pub struct ShaderAtlas {
    pub handle_mixed: handle_mixed::Shader,
    pub handle_params: handle_params::Shader,
    pub handle_pointee: handle_pointee::Shader,
    pub nested_pointer: nested_pointer::Shader,
    pub pointer_dual_context: pointer_dual_context::Shader,
    pub pointer_pointee_layout: pointer_pointee_layout::Shader,
    pub push_constants: push_constants::Shader,
    pub std140_arrays: std140_arrays::Shader,
    pub std140_enums: std140_enums::Shader,
    pub std140_matrices: std140_matrices::Shader,
    pub std140_mixed_fields: std140_mixed_fields::Shader,
    pub std140_nested_structs: std140_nested_structs::Shader,
    pub std140_scalars: std140_scalars::Shader,
    pub std140_shared_enum: std140_shared_enum::Shader,
    pub std140_vec3_padding: std140_vec3_padding::Shader,
    pub std140_vectors: std140_vectors::Shader,
    pub std430_arrays: std430_arrays::Shader,
    pub std430_enums: std430_enums::Shader,
    pub std430_matrices: std430_matrices::Shader,
    pub std430_mixed_fields: std430_mixed_fields::Shader,
    pub std430_nested_structs: std430_nested_structs::Shader,
    pub std430_scalars: std430_scalars::Shader,
    pub std430_vec3_padding: std430_vec3_padding::Shader,
    pub std430_vectors: std430_vectors::Shader,
    pub handle_params_compute: handle_params_compute::Shader,
    pub pointer_params_compute: pointer_params_compute::Shader,
    pub push_constants_compute: push_constants_compute::Shader,
    pub storage_handle_params_compute: storage_handle_params_compute::Shader,
}

impl ShaderAtlasRoot for ShaderAtlas {
    const SHADERS_SOURCE_DIR: &'static str = concat!(env!("CARGO_MANIFEST_DIR"), "/shaders/source");

    fn init() -> Self {
        Self {
            handle_mixed: handle_mixed::Shader::init(),
            handle_params: handle_params::Shader::init(),
            handle_pointee: handle_pointee::Shader::init(),
            nested_pointer: nested_pointer::Shader::init(),
            pointer_dual_context: pointer_dual_context::Shader::init(),
            pointer_pointee_layout: pointer_pointee_layout::Shader::init(),
            push_constants: push_constants::Shader::init(),
            std140_arrays: std140_arrays::Shader::init(),
            std140_enums: std140_enums::Shader::init(),
            std140_matrices: std140_matrices::Shader::init(),
            std140_mixed_fields: std140_mixed_fields::Shader::init(),
            std140_nested_structs: std140_nested_structs::Shader::init(),
            std140_scalars: std140_scalars::Shader::init(),
            std140_shared_enum: std140_shared_enum::Shader::init(),
            std140_vec3_padding: std140_vec3_padding::Shader::init(),
            std140_vectors: std140_vectors::Shader::init(),
            std430_arrays: std430_arrays::Shader::init(),
            std430_enums: std430_enums::Shader::init(),
            std430_matrices: std430_matrices::Shader::init(),
            std430_mixed_fields: std430_mixed_fields::Shader::init(),
            std430_nested_structs: std430_nested_structs::Shader::init(),
            std430_scalars: std430_scalars::Shader::init(),
            std430_vec3_padding: std430_vec3_padding::Shader::init(),
            std430_vectors: std430_vectors::Shader::init(),
            handle_params_compute: handle_params_compute::Shader::init(),
            pointer_params_compute: pointer_params_compute::Shader::init(),
            push_constants_compute: push_constants_compute::Shader::init(),
            storage_handle_params_compute: storage_handle_params_compute::Shader::init(),
        }
    }
}
